Dashboard: 200
Content length: 18791
